15:50:30:5030 [important] [features-3-thread-1] WARN  - InfoSource version is empty in getMajorMinorVersion()
15:50:30:5030 [important] [features-3-thread-1] WARN  - InfoSource version not found!! skipping relevant version checks
15:50:31:5031 [important] [features-3-thread-1] INFO  - xmsim gcc version is 12.4.0
15:50:31:5031 [important] [features-3-thread-1] INFO  - indago gcc version is 12.4.0
15:50:31:5031 [important] [TangoTaskManager-3] WARN  - An Indago Snapshot/LWD was not loaded. Scripting API functionality may be impacted.
15:50:32:5032 [com.cadence.smartlog.bl.common.SLUtils] [TangoTaskManager-5] INFO  - query: 
15:50:41:5041 [user_actions] [AWT-EventQueue-0] DEBUG - refreshSchematicAttributes (SchematicActionsManager$24)

15:50:41:5041 [user_actions] [AWT-EventQueue-0] DEBUG - LiveSimulationRefreshWaveform (GSLLiveSimulationRefreshWaveformAction)

15:50:42:5042 [user_actions] [AWT-EventQueue-0] DEBUG - LiveSimulationRefreshWaveform (GSLLiveSimulationRefreshWaveformAction)

15:50:42:5042 [user_actions] [AWT-EventQueue-0] DEBUG - LiveSimulationRefreshWaveform (GSLLiveSimulationRefreshWaveformAction)

15:50:43:5043 [important] [TangoTaskManager-3] INFO  - ScriptingActivator while loop has finished
15:50:44:5044 [user_actions] [AWT-EventQueue-0] DEBUG - refreshSchematicAttributes (SchematicActionsManager$24)

15:52:15:5215 [user_actions] [AWT-EventQueue-0] DEBUG - consoleBtn (GSLMainDebugSubActivity$7)

15:52:17:5217 [user_actions] [AWT-EventQueue-0] DEBUG - hide (GUFIDockingManager$2$1)

15:52:18:5218 [user_actions] [AWT-EventQueue-0] DEBUG - hide (GUFIDockingManager$2$1)

15:52:20:5220 [user_actions] [AWT-EventQueue-0] DEBUG - hide (GUFIDockingManager$2$1)

15:52:22:5222 [user_actions] [AWT-EventQueue-0] DEBUG - hide (GUFIDockingManager$2$1)

15:52:22:5222 [user_actions] [AWT-EventQueue-0] DEBUG - hide (GUFIDockingManager$2$1)

15:52:24:5224 [user_actions] [AWT-EventQueue-0] DEBUG - openSecondaryLpAction (GUFILaunchPane$2)

15:52:35:5235 [user_actions] [AWT-EventQueue-0] DEBUG - OK (GUFIQuestionDialog$1)
	dialog = confirmExitDlg (GUFIQuestionDialog)

