2025-09-21T15:50:11,121 | INFO  | CM Configuration Updater (Update: pid=org.ops4j.pax.logging) | EventAdminConfigurationNotifier  | 7 - org.ops4j.pax.logging.pax-logging-log4j2 - 2.2.0 | Sending Event Admin notification (configuration successful) to org/ops4j/pax/logging/Configuration
2025-09-21T15:50:11,130 | WARN  | CM Configuration Updater (Update: pid=org.apache.felix.fileinstall~deploy) | fileinstall                      | 18 - org.apache.felix.fileinstall - 3.7.4 | /tmp/verisium_debug_temp_dir_3832751/karaf/deploy does not exist, please create it.
2025-09-21T15:50:11,130 | WARN  | CM Configuration Updater (Update: pid=org.apache.felix.fileinstall~deploy) | fileinstall                      | 18 - org.apache.felix.fileinstall - 3.7.4 | Root path does not exist: /tmp/verisium_debug_temp_dir_3832751/karaf/deploy
2025-09-21T15:50:12,529 | INFO  | activator-1-thread-2 | FeaturesServiceImpl              | 19 - org.apache.karaf.features.core - 4.4.3 | Adding features: instance/[4.4.3,4.4.3],config/[4.4.3,4.4.3],kar/[4.4.3,4.4.3],framework/[4.4.3,4.4.3],scr/[4.4.3,4.4.3],shell/[4.4.3,4.4.3],service/[4.4.3,4.4.3],diagnostic/[4.4.3,4.4.3],jaas/[4.4.3,4.4.3],verisium-debug-splash/[15.22.0,15.22.0],package/[4.4.3,4.4.3],system/[4.4.3,4.4.3],feature/[4.4.3,4.4.3],verisium-debug-main/[15.22.0,15.22.0],deployer/[4.4.3,4.4.3],management/[4.4.3,4.4.3],bundle/[4.4.3,4.4.3],eventadmin/[4.4.3,4.4.3],log/[4.4.3,4.4.3],ssh/[4.4.3,4.4.3],wrap/[2.6.12,2.6.12]
2025-09-21T15:50:12,824 | INFO  | features-3-thread-1 | FeaturesServiceImpl              | 19 - org.apache.karaf.features.core - 4.4.3 | Changes to perform:
2025-09-21T15:50:12,825 | INFO  | features-3-thread-1 | FeaturesServiceImpl              | 19 - org.apache.karaf.features.core - 4.4.3 |   Region: root
2025-09-21T15:50:12,826 | INFO  | features-3-thread-1 | FeaturesServiceImpl              | 19 - org.apache.karaf.features.core - 4.4.3 |     Bundles to install:
2025-09-21T15:50:12,826 | INFO  | features-3-thread-1 | FeaturesServiceImpl              | 19 - org.apache.karaf.features.core - 4.4.3 |       mvn:org.ops4j.pax.url/pax-url-wrap/2.6.12/jar/uber
2025-09-21T15:50:12,829 | INFO  | features-3-thread-1 | FeaturesServiceImpl              | 19 - org.apache.karaf.features.core - 4.4.3 | Installing bundles:
2025-09-21T15:50:12,829 | INFO  | features-3-thread-1 | FeaturesServiceImpl              | 19 - org.apache.karaf.features.core - 4.4.3 |   mvn:org.ops4j.pax.url/pax-url-wrap/2.6.12/jar/uber
2025-09-21T15:50:12,867 | INFO  | features-3-thread-1 | FeaturesServiceImpl              | 19 - org.apache.karaf.features.core - 4.4.3 | Starting bundles:
2025-09-21T15:50:12,869 | INFO  | features-3-thread-1 | FeaturesServiceImpl              | 19 - org.apache.karaf.features.core - 4.4.3 |   org.ops4j.pax.url.wrap/2.6.12
2025-09-21T15:50:12,880 | INFO  | features-3-thread-1 | FeaturesServiceImpl              | 19 - org.apache.karaf.features.core - 4.4.3 | Done.
2025-09-21T15:50:17,924 | INFO  | features-3-thread-1 | FeaturesServiceImpl              | 19 - org.apache.karaf.features.core - 4.4.3 | Changes to perform:
2025-09-21T15:50:17,924 | INFO  | features-3-thread-1 | FeaturesServiceImpl              | 19 - org.apache.karaf.features.core - 4.4.3 |   Region: root
2025-09-21T15:50:17,925 | INFO  | features-3-thread-1 | FeaturesServiceImpl              | 19 - org.apache.karaf.features.core - 4.4.3 |     Bundles to install:
2025-09-21T15:50:17,925 | INFO  | features-3-thread-1 | FeaturesServiceImpl              | 19 - org.apache.karaf.features.core - 4.4.3 |       mvn:org.bouncycastle/bcpkix-jdk15on/1.70
2025-09-21T15:50:17,926 | INFO  | features-3-thread-1 | FeaturesServiceImpl              | 19 - org.apache.karaf.features.core - 4.4.3 |       mvn:org.bouncycastle/bcprov-jdk15on/1.70
2025-09-21T15:50:17,926 | INFO  | features-3-thread-1 | FeaturesServiceImpl              | 19 - org.apache.karaf.features.core - 4.4.3 |       mvn:org.bouncycastle/bcutil-jdk15on/1.70
2025-09-21T15:50:17,926 | INFO  | features-3-thread-1 | FeaturesServiceImpl              | 19 - org.apache.karaf.features.core - 4.4.3 |       file:/tmp/verisium_debug_temp_dir_3832751/karaf/system/com/cadence/tango/plugins/installer/1.0.0/framework-installer-15.22-SNAPSHOT.jar
2025-09-21T15:50:17,927 | INFO  | features-3-thread-1 | FeaturesServiceImpl              | 19 - org.apache.karaf.features.core - 4.4.3 |       file:/tmp/verisium_debug_temp_dir_3832751/karaf/system/com/cadence/tango/plugins/splash/1.0.0/osgi-splash-1.0-SNAPSHOT.jar
2025-09-21T15:50:17,927 | INFO  | features-3-thread-1 | FeaturesServiceImpl              | 19 - org.apache.karaf.features.core - 4.4.3 |       mvn:com.google.guava/guava/28.2-jre
2025-09-21T15:50:17,928 | INFO  | features-3-thread-1 | FeaturesServiceImpl              | 19 - org.apache.karaf.features.core - 4.4.3 |       mvn:com.google.guava/failureaccess/1.0.1
2025-09-21T15:50:17,928 | INFO  | features-3-thread-1 | FeaturesServiceImpl              | 19 - org.apache.karaf.features.core - 4.4.3 |       wrap:mvn:net.java.dev.jna/jna/4.4.0
2025-09-21T15:50:17,929 | INFO  | features-3-thread-1 | FeaturesServiceImpl              | 19 - org.apache.karaf.features.core - 4.4.3 |       mvn:org.apache.aries.jmx/org.apache.aries.jmx.api/1.1.5
2025-09-21T15:50:17,929 | INFO  | features-3-thread-1 | FeaturesServiceImpl              | 19 - org.apache.karaf.features.core - 4.4.3 |       mvn:org.apache.aries.jmx/org.apache.aries.jmx.core/1.1.8
2025-09-21T15:50:17,929 | INFO  | features-3-thread-1 | FeaturesServiceImpl              | 19 - org.apache.karaf.features.core - 4.4.3 |       mvn:org.apache.aries.jmx/org.apache.aries.jmx.whiteboard/1.2.0
2025-09-21T15:50:17,930 | INFO  | features-3-thread-1 | FeaturesServiceImpl              | 19 - org.apache.karaf.features.core - 4.4.3 |       mvn:org.apache.aries/org.apache.aries.util/1.1.3
2025-09-21T15:50:17,930 | INFO  | features-3-thread-1 | FeaturesServiceImpl              | 19 - org.apache.karaf.features.core - 4.4.3 |       mvn:org.apache.felix/org.apache.felix.scr/2.2.4
2025-09-21T15:50:17,931 | INFO  | features-3-thread-1 | FeaturesServiceImpl              | 19 - org.apache.karaf.features.core - 4.4.3 |       mvn:org.apache.karaf.bundle/org.apache.karaf.bundle.core/4.4.3
2025-09-21T15:50:17,931 | INFO  | features-3-thread-1 | FeaturesServiceImpl              | 19 - org.apache.karaf.features.core - 4.4.3 |       mvn:org.apache.karaf.deployer/org.apache.karaf.deployer.features/4.4.3
2025-09-21T15:50:17,931 | INFO  | features-3-thread-1 | FeaturesServiceImpl              | 19 - org.apache.karaf.features.core - 4.4.3 |       mvn:org.apache.karaf.deployer/org.apache.karaf.deployer.kar/4.4.3
2025-09-21T15:50:17,932 | INFO  | features-3-thread-1 | FeaturesServiceImpl              | 19 - org.apache.karaf.features.core - 4.4.3 |       mvn:org.apache.karaf.deployer/org.apache.karaf.deployer.wrap/4.4.3
2025-09-21T15:50:17,932 | INFO  | features-3-thread-1 | FeaturesServiceImpl              | 19 - org.apache.karaf.features.core - 4.4.3 |       mvn:org.apache.karaf.diagnostic/org.apache.karaf.diagnostic.core/4.4.3
2025-09-21T15:50:17,933 | INFO  | features-3-thread-1 | FeaturesServiceImpl              | 19 - org.apache.karaf.features.core - 4.4.3 |       mvn:org.apache.karaf/org.apache.karaf.event/4.4.3
2025-09-21T15:50:17,933 | INFO  | features-3-thread-1 | FeaturesServiceImpl              | 19 - org.apache.karaf.features.core - 4.4.3 |       mvn:org.apache.karaf.features/org.apache.karaf.features.command/4.4.3
2025-09-21T15:50:17,933 | INFO  | features-3-thread-1 | FeaturesServiceImpl              | 19 - org.apache.karaf.features.core - 4.4.3 |       mvn:org.apache.karaf.instance/org.apache.karaf.instance.core/4.4.3
2025-09-21T15:50:17,934 | INFO  | features-3-thread-1 | FeaturesServiceImpl              | 19 - org.apache.karaf.features.core - 4.4.3 |       mvn:org.apache.karaf.jaas/org.apache.karaf.jaas.command/4.4.3
2025-09-21T15:50:17,934 | INFO  | features-3-thread-1 | FeaturesServiceImpl              | 19 - org.apache.karaf.features.core - 4.4.3 |       mvn:org.apache.karaf.jaas/org.apache.karaf.jaas.config/4.4.3
2025-09-21T15:50:17,935 | INFO  | features-3-thread-1 | FeaturesServiceImpl              | 19 - org.apache.karaf.features.core - 4.4.3 |       mvn:org.apache.karaf.jaas/org.apache.karaf.jaas.modules/4.4.3
2025-09-21T15:50:17,935 | INFO  | features-3-thread-1 | FeaturesServiceImpl              | 19 - org.apache.karaf.features.core - 4.4.3 |       mvn:org.apache.karaf.kar/org.apache.karaf.kar.core/4.4.3
2025-09-21T15:50:17,936 | INFO  | features-3-thread-1 | FeaturesServiceImpl              | 19 - org.apache.karaf.features.core - 4.4.3 |       mvn:org.apache.karaf.log/org.apache.karaf.log.core/4.4.3
2025-09-21T15:50:17,936 | INFO  | features-3-thread-1 | FeaturesServiceImpl              | 19 - org.apache.karaf.features.core - 4.4.3 |       mvn:org.apache.karaf.management/org.apache.karaf.management.server/4.4.3
2025-09-21T15:50:17,936 | INFO  | features-3-thread-1 | FeaturesServiceImpl              | 19 - org.apache.karaf.features.core - 4.4.3 |       mvn:org.apache.karaf.package/org.apache.karaf.package.core/4.4.3
2025-09-21T15:50:17,937 | INFO  | features-3-thread-1 | FeaturesServiceImpl              | 19 - org.apache.karaf.features.core - 4.4.3 |       mvn:org.apache.karaf.scr/org.apache.karaf.scr.management/4.4.3
2025-09-21T15:50:17,937 | INFO  | features-3-thread-1 | FeaturesServiceImpl              | 19 - org.apache.karaf.features.core - 4.4.3 |       mvn:org.apache.karaf.scr/org.apache.karaf.scr.state/4.4.3
2025-09-21T15:50:17,938 | INFO  | features-3-thread-1 | FeaturesServiceImpl              | 19 - org.apache.karaf.features.core - 4.4.3 |       mvn:org.apache.karaf.service/org.apache.karaf.service.core/4.4.3
2025-09-21T15:50:17,938 | INFO  | features-3-thread-1 | FeaturesServiceImpl              | 19 - org.apache.karaf.features.core - 4.4.3 |       mvn:org.apache.karaf.shell/org.apache.karaf.shell.commands/4.4.3
2025-09-21T15:50:17,938 | INFO  | features-3-thread-1 | FeaturesServiceImpl              | 19 - org.apache.karaf.features.core - 4.4.3 |       mvn:org.apache.karaf.shell/org.apache.karaf.shell.core/4.4.3
2025-09-21T15:50:17,939 | INFO  | features-3-thread-1 | FeaturesServiceImpl              | 19 - org.apache.karaf.features.core - 4.4.3 |       mvn:org.apache.karaf.shell/org.apache.karaf.shell.ssh/4.4.3
2025-09-21T15:50:17,939 | INFO  | features-3-thread-1 | FeaturesServiceImpl              | 19 - org.apache.karaf.features.core - 4.4.3 |       mvn:org.apache.karaf.system/org.apache.karaf.system.core/4.4.3
2025-09-21T15:50:17,940 | INFO  | features-3-thread-1 | FeaturesServiceImpl              | 19 - org.apache.karaf.features.core - 4.4.3 |       mvn:org.apache.sshd/sshd-osgi/2.9.2
2025-09-21T15:50:17,940 | INFO  | features-3-thread-1 | FeaturesServiceImpl              | 19 - org.apache.karaf.features.core - 4.4.3 |       mvn:org.apache.sshd/sshd-scp/2.9.2
2025-09-21T15:50:17,940 | INFO  | features-3-thread-1 | FeaturesServiceImpl              | 19 - org.apache.karaf.features.core - 4.4.3 |       mvn:org.apache.sshd/sshd-sftp/2.9.2
2025-09-21T15:50:17,941 | INFO  | features-3-thread-1 | FeaturesServiceImpl              | 19 - org.apache.karaf.features.core - 4.4.3 |       mvn:org.jline/jline/3.21.0
2025-09-21T15:50:17,941 | INFO  | features-3-thread-1 | FeaturesServiceImpl              | 19 - org.apache.karaf.features.core - 4.4.3 |       mvn:org.osgi/org.osgi.service.component/1.5.0
2025-09-21T15:50:17,942 | INFO  | features-3-thread-1 | FeaturesServiceImpl              | 19 - org.apache.karaf.features.core - 4.4.3 |       wrap:mvn:com.ochafik/ochafik-swing/0.9.9
2025-09-21T15:50:17,942 | INFO  | features-3-thread-1 | FeaturesServiceImpl              | 19 - org.apache.karaf.features.core - 4.4.3 |       wrap:mvn:com.sun.xml.bind/jaxb-impl/2.1.2
2025-09-21T15:50:17,943 | INFO  | features-3-thread-1 | FeaturesServiceImpl              | 19 - org.apache.karaf.features.core - 4.4.3 |       wrap:mvn:jide/jide/3.5.1
2025-09-21T15:50:17,946 | INFO  | features-3-thread-1 | FeaturesServiceImpl              | 19 - org.apache.karaf.features.core - 4.4.3 |       wrap:mvn:org.apache.httpcomponents/httpclient/4.5.13
2025-09-21T15:50:17,946 | INFO  | features-3-thread-1 | FeaturesServiceImpl              | 19 - org.apache.karaf.features.core - 4.4.3 |       wrap:mvn:org.apache.httpcomponents/httpcore/4.4.8
2025-09-21T15:50:17,946 | INFO  | features-3-thread-1 | FeaturesServiceImpl              | 19 - org.apache.karaf.features.core - 4.4.3 |       wrap:mvn:org.springframework/spring-beans/3.2.8.RELEASE
2025-09-21T15:50:17,947 | INFO  | features-3-thread-1 | FeaturesServiceImpl              | 19 - org.apache.karaf.features.core - 4.4.3 |       wrap:mvn:org.springframework/spring-context/3.2.8.RELEASE
2025-09-21T15:50:17,947 | INFO  | features-3-thread-1 | FeaturesServiceImpl              | 19 - org.apache.karaf.features.core - 4.4.3 |       wrap:mvn:org.springframework/spring-core/3.2.8.RELEASE
2025-09-21T15:50:17,947 | INFO  | features-3-thread-1 | FeaturesServiceImpl              | 19 - org.apache.karaf.features.core - 4.4.3 |       wrap:mvn:org.springframework/spring-web/3.2.8.RELEASE
2025-09-21T15:50:17,948 | INFO  | features-3-thread-1 | FeaturesServiceImpl              | 19 - org.apache.karaf.features.core - 4.4.3 |       wrap:file:/tmp/verisium_debug_temp_dir_3832751/karaf/system/com/cadence/tango/plugins/installer/1.0.0/jfxrt.jar
2025-09-21T15:50:17,948 | INFO  | features-3-thread-1 | FeaturesServiceImpl              | 19 - org.apache.karaf.features.core - 4.4.3 |       wrap:file:/tmp/verisium_debug_temp_dir_3832751/karaf/system/com/cadence/tango/plugins/installer/1.0.0/jfxswt.jar
2025-09-21T15:50:17,950 | INFO  | features-3-thread-1 | FeaturesServiceImpl              | 19 - org.apache.karaf.features.core - 4.4.3 | Stopping bundles:
2025-09-21T15:50:17,955 | INFO  | features-3-thread-1 | FeaturesServiceImpl              | 19 - org.apache.karaf.features.core - 4.4.3 |   org.apache.karaf.config.core/4.4.3
2025-09-21T15:50:17,961 | INFO  | features-3-thread-1 | FeaturesServiceImpl              | 19 - org.apache.karaf.features.core - 4.4.3 | Installing bundles:
2025-09-21T15:50:17,961 | INFO  | features-3-thread-1 | FeaturesServiceImpl              | 19 - org.apache.karaf.features.core - 4.4.3 |   mvn:org.bouncycastle/bcpkix-jdk15on/1.70
2025-09-21T15:50:17,975 | INFO  | features-3-thread-1 | FeaturesServiceImpl              | 19 - org.apache.karaf.features.core - 4.4.3 |   mvn:org.bouncycastle/bcprov-jdk15on/1.70
2025-09-21T15:50:18,002 | INFO  | features-3-thread-1 | FeaturesServiceImpl              | 19 - org.apache.karaf.features.core - 4.4.3 |   mvn:org.bouncycastle/bcutil-jdk15on/1.70
2025-09-21T15:50:18,007 | INFO  | features-3-thread-1 | FeaturesServiceImpl              | 19 - org.apache.karaf.features.core - 4.4.3 |   file:/tmp/verisium_debug_temp_dir_3832751/karaf/system/com/cadence/tango/plugins/installer/1.0.0/framework-installer-15.22-SNAPSHOT.jar
2025-09-21T15:50:18,009 | INFO  | features-3-thread-1 | FeaturesServiceImpl              | 19 - org.apache.karaf.features.core - 4.4.3 |   file:/tmp/verisium_debug_temp_dir_3832751/karaf/system/com/cadence/tango/plugins/splash/1.0.0/osgi-splash-1.0-SNAPSHOT.jar
2025-09-21T15:50:18,012 | INFO  | features-3-thread-1 | FeaturesServiceImpl              | 19 - org.apache.karaf.features.core - 4.4.3 |   mvn:com.google.guava/guava/28.2-jre
2025-09-21T15:50:18,019 | INFO  | features-3-thread-1 | FeaturesServiceImpl              | 19 - org.apache.karaf.features.core - 4.4.3 |   mvn:com.google.guava/failureaccess/1.0.1
2025-09-21T15:50:18,021 | INFO  | features-3-thread-1 | FeaturesServiceImpl              | 19 - org.apache.karaf.features.core - 4.4.3 |   wrap:mvn:net.java.dev.jna/jna/4.4.0
2025-09-21T15:50:18,028 | INFO  | features-3-thread-1 | FeaturesServiceImpl              | 19 - org.apache.karaf.features.core - 4.4.3 |   mvn:org.apache.aries.jmx/org.apache.aries.jmx.api/1.1.5
2025-09-21T15:50:18,032 | INFO  | features-3-thread-1 | FeaturesServiceImpl              | 19 - org.apache.karaf.features.core - 4.4.3 |   mvn:org.apache.aries.jmx/org.apache.aries.jmx.core/1.1.8
2025-09-21T15:50:18,035 | INFO  | features-3-thread-1 | FeaturesServiceImpl              | 19 - org.apache.karaf.features.core - 4.4.3 |   mvn:org.apache.aries.jmx/org.apache.aries.jmx.whiteboard/1.2.0
2025-09-21T15:50:18,039 | INFO  | features-3-thread-1 | FeaturesServiceImpl              | 19 - org.apache.karaf.features.core - 4.4.3 |   mvn:org.apache.aries/org.apache.aries.util/1.1.3
2025-09-21T15:50:18,043 | INFO  | features-3-thread-1 | FeaturesServiceImpl              | 19 - org.apache.karaf.features.core - 4.4.3 |   mvn:org.apache.felix/org.apache.felix.scr/2.2.4
2025-09-21T15:50:18,048 | INFO  | features-3-thread-1 | FeaturesServiceImpl              | 19 - org.apache.karaf.features.core - 4.4.3 |   mvn:org.apache.karaf.bundle/org.apache.karaf.bundle.core/4.4.3
2025-09-21T15:50:18,052 | INFO  | features-3-thread-1 | FeaturesServiceImpl              | 19 - org.apache.karaf.features.core - 4.4.3 |   mvn:org.apache.karaf.deployer/org.apache.karaf.deployer.features/4.4.3
2025-09-21T15:50:18,055 | INFO  | features-3-thread-1 | FeaturesServiceImpl              | 19 - org.apache.karaf.features.core - 4.4.3 |   mvn:org.apache.karaf.deployer/org.apache.karaf.deployer.kar/4.4.3
2025-09-21T15:50:18,058 | INFO  | features-3-thread-1 | FeaturesServiceImpl              | 19 - org.apache.karaf.features.core - 4.4.3 |   mvn:org.apache.karaf.deployer/org.apache.karaf.deployer.wrap/4.4.3
2025-09-21T15:50:18,061 | INFO  | features-3-thread-1 | FeaturesServiceImpl              | 19 - org.apache.karaf.features.core - 4.4.3 |   mvn:org.apache.karaf.diagnostic/org.apache.karaf.diagnostic.core/4.4.3
2025-09-21T15:50:18,064 | INFO  | features-3-thread-1 | FeaturesServiceImpl              | 19 - org.apache.karaf.features.core - 4.4.3 |   mvn:org.apache.karaf/org.apache.karaf.event/4.4.3
2025-09-21T15:50:18,066 | INFO  | features-3-thread-1 | FeaturesServiceImpl              | 19 - org.apache.karaf.features.core - 4.4.3 |   mvn:org.apache.karaf.features/org.apache.karaf.features.command/4.4.3
2025-09-21T15:50:18,072 | INFO  | features-3-thread-1 | FeaturesServiceImpl              | 19 - org.apache.karaf.features.core - 4.4.3 |   mvn:org.apache.karaf.instance/org.apache.karaf.instance.core/4.4.3
2025-09-21T15:50:18,075 | INFO  | features-3-thread-1 | FeaturesServiceImpl              | 19 - org.apache.karaf.features.core - 4.4.3 |   mvn:org.apache.karaf.jaas/org.apache.karaf.jaas.command/4.4.3
2025-09-21T15:50:18,079 | INFO  | features-3-thread-1 | FeaturesServiceImpl              | 19 - org.apache.karaf.features.core - 4.4.3 |   mvn:org.apache.karaf.jaas/org.apache.karaf.jaas.config/4.4.3
2025-09-21T15:50:18,081 | INFO  | features-3-thread-1 | FeaturesServiceImpl              | 19 - org.apache.karaf.features.core - 4.4.3 |   mvn:org.apache.karaf.jaas/org.apache.karaf.jaas.modules/4.4.3
2025-09-21T15:50:18,090 | INFO  | features-3-thread-1 | FeaturesServiceImpl              | 19 - org.apache.karaf.features.core - 4.4.3 |   mvn:org.apache.karaf.kar/org.apache.karaf.kar.core/4.4.3
2025-09-21T15:50:18,094 | INFO  | features-3-thread-1 | FeaturesServiceImpl              | 19 - org.apache.karaf.features.core - 4.4.3 |   mvn:org.apache.karaf.log/org.apache.karaf.log.core/4.4.3
2025-09-21T15:50:18,097 | INFO  | features-3-thread-1 | FeaturesServiceImpl              | 19 - org.apache.karaf.features.core - 4.4.3 |   mvn:org.apache.karaf.management/org.apache.karaf.management.server/4.4.3
2025-09-21T15:50:18,100 | INFO  | features-3-thread-1 | FeaturesServiceImpl              | 19 - org.apache.karaf.features.core - 4.4.3 |   mvn:org.apache.karaf.package/org.apache.karaf.package.core/4.4.3
2025-09-21T15:50:18,103 | INFO  | features-3-thread-1 | FeaturesServiceImpl              | 19 - org.apache.karaf.features.core - 4.4.3 |   mvn:org.apache.karaf.scr/org.apache.karaf.scr.management/4.4.3
2025-09-21T15:50:18,107 | INFO  | features-3-thread-1 | FeaturesServiceImpl              | 19 - org.apache.karaf.features.core - 4.4.3 |   mvn:org.apache.karaf.scr/org.apache.karaf.scr.state/4.4.3
2025-09-21T15:50:18,111 | INFO  | features-3-thread-1 | FeaturesServiceImpl              | 19 - org.apache.karaf.features.core - 4.4.3 |   mvn:org.apache.karaf.service/org.apache.karaf.service.core/4.4.3
2025-09-21T15:50:18,114 | INFO  | features-3-thread-1 | FeaturesServiceImpl              | 19 - org.apache.karaf.features.core - 4.4.3 |   mvn:org.apache.karaf.shell/org.apache.karaf.shell.commands/4.4.3
2025-09-21T15:50:18,117 | INFO  | features-3-thread-1 | FeaturesServiceImpl              | 19 - org.apache.karaf.features.core - 4.4.3 |   mvn:org.apache.karaf.shell/org.apache.karaf.shell.core/4.4.3
2025-09-21T15:50:18,122 | INFO  | features-3-thread-1 | FeaturesServiceImpl              | 19 - org.apache.karaf.features.core - 4.4.3 |   mvn:org.apache.karaf.shell/org.apache.karaf.shell.ssh/4.4.3
2025-09-21T15:50:18,127 | INFO  | features-3-thread-1 | FeaturesServiceImpl              | 19 - org.apache.karaf.features.core - 4.4.3 |   mvn:org.apache.karaf.system/org.apache.karaf.system.core/4.4.3
2025-09-21T15:50:18,130 | INFO  | features-3-thread-1 | FeaturesServiceImpl              | 19 - org.apache.karaf.features.core - 4.4.3 |   mvn:org.apache.sshd/sshd-osgi/2.9.2
2025-09-21T15:50:18,143 | INFO  | features-3-thread-1 | FeaturesServiceImpl              | 19 - org.apache.karaf.features.core - 4.4.3 |   mvn:org.apache.sshd/sshd-scp/2.9.2
2025-09-21T15:50:18,146 | INFO  | features-3-thread-1 | FeaturesServiceImpl              | 19 - org.apache.karaf.features.core - 4.4.3 |   mvn:org.apache.sshd/sshd-sftp/2.9.2
2025-09-21T15:50:18,150 | INFO  | features-3-thread-1 | FeaturesServiceImpl              | 19 - org.apache.karaf.features.core - 4.4.3 |   mvn:org.jline/jline/3.21.0
2025-09-21T15:50:18,156 | INFO  | features-3-thread-1 | FeaturesServiceImpl              | 19 - org.apache.karaf.features.core - 4.4.3 |   mvn:org.osgi/org.osgi.service.component/1.5.0
2025-09-21T15:50:18,159 | INFO  | features-3-thread-1 | FeaturesServiceImpl              | 19 - org.apache.karaf.features.core - 4.4.3 |   wrap:mvn:com.ochafik/ochafik-swing/0.9.9
2025-09-21T15:50:18,162 | INFO  | features-3-thread-1 | FeaturesServiceImpl              | 19 - org.apache.karaf.features.core - 4.4.3 |   wrap:mvn:com.sun.xml.bind/jaxb-impl/2.1.2
2025-09-21T15:50:18,168 | INFO  | features-3-thread-1 | FeaturesServiceImpl              | 19 - org.apache.karaf.features.core - 4.4.3 |   wrap:mvn:jide/jide/3.5.1
2025-09-21T15:50:18,197 | INFO  | features-3-thread-1 | FeaturesServiceImpl              | 19 - org.apache.karaf.features.core - 4.4.3 |   wrap:mvn:org.apache.httpcomponents/httpclient/4.5.13
2025-09-21T15:50:18,205 | INFO  | features-3-thread-1 | FeaturesServiceImpl              | 19 - org.apache.karaf.features.core - 4.4.3 |   wrap:mvn:org.apache.httpcomponents/httpcore/4.4.8
2025-09-21T15:50:18,210 | INFO  | features-3-thread-1 | FeaturesServiceImpl              | 19 - org.apache.karaf.features.core - 4.4.3 |   wrap:mvn:org.springframework/spring-beans/3.2.8.RELEASE
2025-09-21T15:50:18,214 | INFO  | features-3-thread-1 | FeaturesServiceImpl              | 19 - org.apache.karaf.features.core - 4.4.3 |   wrap:mvn:org.springframework/spring-context/3.2.8.RELEASE
2025-09-21T15:50:18,222 | INFO  | features-3-thread-1 | FeaturesServiceImpl              | 19 - org.apache.karaf.features.core - 4.4.3 |   wrap:mvn:org.springframework/spring-core/3.2.8.RELEASE
2025-09-21T15:50:18,227 | INFO  | features-3-thread-1 | FeaturesServiceImpl              | 19 - org.apache.karaf.features.core - 4.4.3 |   wrap:mvn:org.springframework/spring-web/3.2.8.RELEASE
2025-09-21T15:50:18,235 | INFO  | features-3-thread-1 | FeaturesServiceImpl              | 19 - org.apache.karaf.features.core - 4.4.3 |   wrap:file:/tmp/verisium_debug_temp_dir_3832751/karaf/system/com/cadence/tango/plugins/installer/1.0.0/jfxrt.jar
2025-09-21T15:50:18,264 | INFO  | features-3-thread-1 | FeaturesServiceImpl              | 19 - org.apache.karaf.features.core - 4.4.3 |   wrap:file:/tmp/verisium_debug_temp_dir_3832751/karaf/system/com/cadence/tango/plugins/installer/1.0.0/jfxswt.jar
2025-09-21T15:50:18,312 | INFO  | features-3-thread-1 | FeaturesServiceImpl              | 19 - org.apache.karaf.features.core - 4.4.3 | Refreshing bundles:
2025-09-21T15:50:18,313 | INFO  | features-3-thread-1 | FeaturesServiceImpl              | 19 - org.apache.karaf.features.core - 4.4.3 |     org.apache.karaf.config.core/4.4.3 (Should be wired to: org.apache.karaf.shell.core/4.4.3 (through [org.apache.karaf.config.core [13](R 13.0)] osgi.wiring.package; (&(osgi.wiring.package=org.apache.karaf.shell.api.action)(version>=4.4.0)(!(version>=5.0.0)))))
2025-09-21T15:50:18,521 | INFO  | features-3-thread-1 | FeaturesServiceImpl              | 19 - org.apache.karaf.features.core - 4.4.3 | Starting bundles:
2025-09-21T15:50:18,522 | INFO  | features-3-thread-1 | FeaturesServiceImpl              | 19 - org.apache.karaf.features.core - 4.4.3 |   org.apache.karaf.config.core/4.4.3
2025-09-21T15:50:18,540 | INFO  | features-3-thread-1 | FeaturesServiceImpl              | 19 - org.apache.karaf.features.core - 4.4.3 |   org.apache.aries.util/1.1.3
2025-09-21T15:50:18,543 | INFO  | features-3-thread-1 | FeaturesServiceImpl              | 19 - org.apache.karaf.features.core - 4.4.3 |   org.apache.karaf.deployer.kar/4.4.3
2025-09-21T15:50:18,552 | INFO  | features-3-thread-1 | FeaturesServiceImpl              | 19 - org.apache.karaf.features.core - 4.4.3 |   org.apache.karaf.deployer.wrap/4.4.3
2025-09-21T15:50:18,561 | INFO  | features-3-thread-1 | FeaturesServiceImpl              | 19 - org.apache.karaf.features.core - 4.4.3 |   org.apache.karaf.deployer.features/4.4.3
2025-09-21T15:50:18,577 | INFO  | features-3-thread-1 | FeaturesServiceImpl              | 19 - org.apache.karaf.features.core - 4.4.3 |   org.osgi.service.component/1.5.0.202109301733
2025-09-21T15:50:18,580 | INFO  | features-3-thread-1 | FeaturesServiceImpl              | 19 - org.apache.karaf.features.core - 4.4.3 |   org.apache.karaf.jaas.config/4.4.3
2025-09-21T15:50:18,591 | INFO  | features-3-thread-1 | FeaturesServiceImpl              | 19 - org.apache.karaf.features.core - 4.4.3 |   org.apache.karaf.management.server/4.4.3
2025-09-21T15:50:18,600 | INFO  | features-3-thread-1 | FeaturesServiceImpl              | 19 - org.apache.karaf.features.core - 4.4.3 |   bcprov/1.70.0
2025-09-21T15:50:18,604 | INFO  | features-3-thread-1 | FeaturesServiceImpl              | 19 - org.apache.karaf.features.core - 4.4.3 |   bcutil/1.70.0
2025-09-21T15:50:18,605 | INFO  | activator-1-thread-1 | Activator                        | 47 - org.apache.karaf.management.server - 4.4.3 | Setting java.rmi.server.hostname system property to 0.0.0.0
2025-09-21T15:50:18,607 | INFO  | features-3-thread-1 | FeaturesServiceImpl              | 19 - org.apache.karaf.features.core - 4.4.3 |   bcpkix/1.70.0
2025-09-21T15:50:18,609 | INFO  | features-3-thread-1 | FeaturesServiceImpl              | 19 - org.apache.karaf.features.core - 4.4.3 |   org.apache.sshd.osgi/2.9.2
2025-09-21T15:50:18,610 | INFO  | features-3-thread-1 | FeaturesServiceImpl              | 19 - org.apache.karaf.features.core - 4.4.3 |   org.apache.sshd.scp/2.9.2
2025-09-21T15:50:18,611 | INFO  | features-3-thread-1 | FeaturesServiceImpl              | 19 - org.apache.karaf.features.core - 4.4.3 |   org.apache.sshd.sftp/2.9.2
2025-09-21T15:50:18,612 | INFO  | features-3-thread-1 | FeaturesServiceImpl              | 19 - org.apache.karaf.features.core - 4.4.3 |   org.jline/3.21.0
2025-09-21T15:50:18,626 | INFO  | features-3-thread-1 | FeaturesServiceImpl              | 19 - org.apache.karaf.features.core - 4.4.3 |   org.apache.karaf.shell.core/4.4.3
2025-09-21T15:50:18,636 | ERROR | activator-1-thread-1 | Activator                        | 47 - org.apache.karaf.management.server - 4.4.3 | Can't init JMXConnectorServer: Cannot give port number without host name
2025-09-21T15:50:18,642 | WARN  | activator-1-thread-1 | Activator                        | 47 - org.apache.karaf.management.server - 4.4.3 | java.rmi.server.hostname system property is already set to 0.0.0.0. Apache Karaf doesn't override it
2025-09-21T15:50:18,643 | ERROR | activator-1-thread-1 | Activator                        | 47 - org.apache.karaf.management.server - 4.4.3 | Can't init JMXConnectorServer: Cannot give port number without host name
2025-09-21T15:50:18,706 | INFO  | features-3-thread-1 | CommandExtension                 | 53 - org.apache.karaf.shell.core - 4.4.3 | Registering commands for bundle org.apache.karaf.config.core/4.4.3
2025-09-21T15:50:18,753 | INFO  | features-3-thread-1 | CommandExtension                 | 53 - org.apache.karaf.shell.core - 4.4.3 | Registering commands for bundle org.apache.karaf.deployer.kar/4.4.3
2025-09-21T15:50:18,757 | INFO  | features-3-thread-1 | Activator                        | 53 - org.apache.karaf.shell.core - 4.4.3 | Not starting local console. To activate set karaf.startLocalConsole=true
2025-09-21T15:50:18,758 | INFO  | features-3-thread-1 | FeaturesServiceImpl              | 19 - org.apache.karaf.features.core - 4.4.3 |   org.apache.felix.scr/2.2.4
2025-09-21T15:50:18,771 | INFO  | features-3-thread-1 | ROOT                             | 33 - org.apache.felix.scr - 2.2.4 | bundle org.apache.felix.scr:2.2.4 (33) Starting with globalExtender setting: false
2025-09-21T15:50:18,778 | INFO  | features-3-thread-1 | ROOT                             | 33 - org.apache.felix.scr - 2.2.4 | bundle org.apache.felix.scr:2.2.4 (33)  Version = 2.2.4
2025-09-21T15:50:18,855 | INFO  | features-3-thread-1 | FeaturesServiceImpl              | 19 - org.apache.karaf.features.core - 4.4.3 |   org.apache.karaf.scr.management/4.4.3
2025-09-21T15:50:18,926 | INFO  | features-3-thread-1 | ServiceComponentRuntimeMBeanImpl | 49 - org.apache.karaf.scr.management - 4.4.3 | Activating the Apache Karaf ServiceComponentRuntime MBean
2025-09-21T15:50:18,930 | INFO  | features-3-thread-1 | FeaturesServiceImpl              | 19 - org.apache.karaf.features.core - 4.4.3 |   org.apache.karaf.jaas.modules/4.4.3
2025-09-21T15:50:18,940 | INFO  | features-3-thread-1 | FeaturesServiceImpl              | 19 - org.apache.karaf.features.core - 4.4.3 |   org.apache.karaf.service.core/4.4.3
2025-09-21T15:50:18,947 | INFO  | features-3-thread-1 | CommandExtension                 | 53 - org.apache.karaf.shell.core - 4.4.3 | Registering commands for bundle org.apache.karaf.service.core/4.4.3
2025-09-21T15:50:18,947 | INFO  | features-3-thread-1 | FeaturesServiceImpl              | 19 - org.apache.karaf.features.core - 4.4.3 |   org.apache.karaf.features.command/4.4.3
2025-09-21T15:50:18,966 | INFO  | features-3-thread-1 | CommandExtension                 | 53 - org.apache.karaf.shell.core - 4.4.3 | Registering commands for bundle org.apache.karaf.features.command/4.4.3
2025-09-21T15:50:18,967 | INFO  | features-3-thread-1 | FeaturesServiceImpl              | 19 - org.apache.karaf.features.core - 4.4.3 |   org.apache.karaf.instance.core/4.4.3
2025-09-21T15:50:18,987 | INFO  | features-3-thread-1 | CommandExtension                 | 53 - org.apache.karaf.shell.core - 4.4.3 | Registering commands for bundle org.apache.karaf.instance.core/4.4.3
2025-09-21T15:50:18,988 | INFO  | features-3-thread-1 | FeaturesServiceImpl              | 19 - org.apache.karaf.features.core - 4.4.3 |   org.apache.aries.jmx.whiteboard/1.2.0
2025-09-21T15:50:19,035 | INFO  | features-3-thread-1 | FeaturesServiceImpl              | 19 - org.apache.karaf.features.core - 4.4.3 |   org.apache.karaf.kar.core/4.4.3
2025-09-21T15:50:19,048 | INFO  | features-3-thread-1 | CommandExtension                 | 53 - org.apache.karaf.shell.core - 4.4.3 | Command registration delayed for bundle org.apache.karaf.kar.core/4.4.3. Missing service: [org.apache.karaf.kar.KarService]
2025-09-21T15:50:19,049 | INFO  | features-3-thread-1 | FeaturesServiceImpl              | 19 - org.apache.karaf.features.core - 4.4.3 |   org.apache.karaf.system.core/4.4.3
2025-09-21T15:50:19,050 | INFO  | activator-1-thread-1 | CommandExtension                 | 53 - org.apache.karaf.shell.core - 4.4.3 | Registering commands for bundle org.apache.karaf.kar.core/4.4.3
2025-09-21T15:50:19,066 | INFO  | features-3-thread-1 | CommandExtension                 | 53 - org.apache.karaf.shell.core - 4.4.3 | Registering commands for bundle org.apache.karaf.system.core/4.4.3
2025-09-21T15:50:19,066 | INFO  | features-3-thread-1 | FeaturesServiceImpl              | 19 - org.apache.karaf.features.core - 4.4.3 |   org.apache.aries.jmx.api/1.1.5
2025-09-21T15:50:19,068 | INFO  | features-3-thread-1 | FeaturesServiceImpl              | 19 - org.apache.karaf.features.core - 4.4.3 |   org.apache.aries.jmx.core/1.1.8
2025-09-21T15:50:19,072 | INFO  | features-3-thread-1 | core                             | 30 - org.apache.aries.jmx.core - 1.1.8 | Starting JMX OSGi agent
2025-09-21T15:50:19,089 | INFO  | features-3-thread-1 | core                             | 30 - org.apache.aries.jmx.core - 1.1.8 | Registering MBean with ObjectName [osgi.compendium:service=cm,version=1.3,framework=org.apache.felix.framework,uuid=a45f8c1e-4e49-494c-8fea-92fff5120641] for service with service.id [16]
2025-09-21T15:50:19,091 | INFO  | features-3-thread-1 | core                             | 30 - org.apache.aries.jmx.core - 1.1.8 | Registering org.osgi.jmx.service.cm.ConfigurationAdminMBean to MBeanServer org.apache.karaf.management.internal.EventAdminMBeanServerWrapper@2720c366 with name osgi.compendium:service=cm,version=1.3,framework=org.apache.felix.framework,uuid=a45f8c1e-4e49-494c-8fea-92fff5120641
2025-09-21T15:50:19,092 | INFO  | features-3-thread-1 | core                             | 30 - org.apache.aries.jmx.core - 1.1.8 | Registering org.osgi.jmx.framework.wiring.BundleWiringStateMBean to MBeanServer org.apache.karaf.management.internal.EventAdminMBeanServerWrapper@2720c366 with name osgi.core:type=wiringState,version=1.1,framework=org.apache.felix.framework,uuid=a45f8c1e-4e49-494c-8fea-92fff5120641
2025-09-21T15:50:19,093 | INFO  | features-3-thread-1 | core                             | 30 - org.apache.aries.jmx.core - 1.1.8 | Registering org.osgi.jmx.framework.ServiceStateMBean to MBeanServer org.apache.karaf.management.internal.EventAdminMBeanServerWrapper@2720c366 with name osgi.core:type=serviceState,version=1.7,framework=org.apache.felix.framework,uuid=a45f8c1e-4e49-494c-8fea-92fff5120641
2025-09-21T15:50:19,094 | INFO  | features-3-thread-1 | core                             | 30 - org.apache.aries.jmx.core - 1.1.8 | Registering org.osgi.jmx.framework.FrameworkMBean to MBeanServer org.apache.karaf.management.internal.EventAdminMBeanServerWrapper@2720c366 with name osgi.core:type=framework,version=1.7,framework=org.apache.felix.framework,uuid=a45f8c1e-4e49-494c-8fea-92fff5120641
2025-09-21T15:50:19,095 | INFO  | features-3-thread-1 | core                             | 30 - org.apache.aries.jmx.core - 1.1.8 | Registering org.osgi.jmx.framework.BundleStateMBean to MBeanServer org.apache.karaf.management.internal.EventAdminMBeanServerWrapper@2720c366 with name osgi.core:type=bundleState,version=1.7,framework=org.apache.felix.framework,uuid=a45f8c1e-4e49-494c-8fea-92fff5120641
2025-09-21T15:50:19,096 | INFO  | features-3-thread-1 | core                             | 30 - org.apache.aries.jmx.core - 1.1.8 | Registering org.osgi.jmx.framework.PackageStateMBean to MBeanServer org.apache.karaf.management.internal.EventAdminMBeanServerWrapper@2720c366 with name osgi.core:type=packageState,version=1.5,framework=org.apache.felix.framework,uuid=a45f8c1e-4e49-494c-8fea-92fff5120641
2025-09-21T15:50:19,097 | INFO  | features-3-thread-1 | FeaturesServiceImpl              | 19 - org.apache.karaf.features.core - 4.4.3 |   org.apache.karaf.package.core/4.4.3
2025-09-21T15:50:19,115 | INFO  | features-3-thread-1 | CommandExtension                 | 53 - org.apache.karaf.shell.core - 4.4.3 | Registering commands for bundle org.apache.karaf.package.core/4.4.3
2025-09-21T15:50:19,115 | INFO  | features-3-thread-1 | FeaturesServiceImpl              | 19 - org.apache.karaf.features.core - 4.4.3 |   org.apache.karaf.diagnostic.core/4.4.3
2025-09-21T15:50:19,125 | INFO  | features-3-thread-1 | CommandExtension                 | 53 - org.apache.karaf.shell.core - 4.4.3 | Registering commands for bundle org.apache.karaf.diagnostic.core/4.4.3
2025-09-21T15:50:19,126 | INFO  | features-3-thread-1 | FeaturesServiceImpl              | 19 - org.apache.karaf.features.core - 4.4.3 |   org.apache.karaf.bundle.core/4.4.3
2025-09-21T15:50:19,153 | INFO  | features-3-thread-1 | CommandExtension                 | 53 - org.apache.karaf.shell.core - 4.4.3 | Registering commands for bundle org.apache.karaf.bundle.core/4.4.3
2025-09-21T15:50:19,154 | INFO  | features-3-thread-1 | FeaturesServiceImpl              | 19 - org.apache.karaf.features.core - 4.4.3 |   org.apache.karaf.scr.state/4.4.3
2025-09-21T15:50:19,166 | INFO  | features-3-thread-1 | FeaturesServiceImpl              | 19 - org.apache.karaf.features.core - 4.4.3 |   org.apache.karaf.jaas.command/4.4.3
2025-09-21T15:50:19,181 | INFO  | features-3-thread-1 | CommandExtension                 | 53 - org.apache.karaf.shell.core - 4.4.3 | Registering commands for bundle org.apache.karaf.jaas.command/4.4.3
2025-09-21T15:50:19,183 | INFO  | features-3-thread-1 | CommandExtension                 | 53 - org.apache.karaf.shell.core - 4.4.3 | Updating commands for bundle org.apache.karaf.jaas.command/4.4.3
2025-09-21T15:50:19,185 | INFO  | features-3-thread-1 | CommandExtension                 | 53 - org.apache.karaf.shell.core - 4.4.3 | Updating commands for bundle org.apache.karaf.jaas.command/4.4.3
2025-09-21T15:50:19,185 | INFO  | features-3-thread-1 | FeaturesServiceImpl              | 19 - org.apache.karaf.features.core - 4.4.3 |   org.apache.karaf.log.core/4.4.3
2025-09-21T15:50:19,204 | INFO  | features-3-thread-1 | CommandExtension                 | 53 - org.apache.karaf.shell.core - 4.4.3 | Registering commands for bundle org.apache.karaf.log.core/4.4.3
2025-09-21T15:50:19,211 | INFO  | features-3-thread-1 | FeaturesServiceImpl              | 19 - org.apache.karaf.features.core - 4.4.3 |   org.apache.karaf.shell.commands/4.4.3
2025-09-21T15:50:19,226 | INFO  | features-3-thread-1 | CommandExtension                 | 53 - org.apache.karaf.shell.core - 4.4.3 | Registering commands for bundle org.apache.karaf.shell.commands/4.4.3
2025-09-21T15:50:19,227 | INFO  | features-3-thread-1 | FeaturesServiceImpl              | 19 - org.apache.karaf.features.core - 4.4.3 |   org.apache.karaf.shell.ssh/4.4.3
2025-09-21T15:50:19,268 | INFO  | features-3-thread-1 | CommandExtension                 | 53 - org.apache.karaf.shell.core - 4.4.3 | Command registration delayed for bundle org.apache.karaf.shell.ssh/4.4.3. Missing service: [org.apache.sshd.server.SshServer]
2025-09-21T15:50:19,288 | INFO  | features-3-thread-1 | FeaturesServiceImpl              | 19 - org.apache.karaf.features.core - 4.4.3 |   wrap_file__tmp_verisium_debug_temp_dir_3832751_karaf_offline_target_features-repo_jide_jide_3.5.1_jide-3.5.1.jar/0.0.0
2025-09-21T15:50:19,291 | INFO  | features-3-thread-1 | FeaturesServiceImpl              | 19 - org.apache.karaf.features.core - 4.4.3 |   wrap_file__tmp_verisium_debug_temp_dir_3832751_karaf_system_com_cadence_tango_plugins_installer_1.0.0_jfxrt.jar/0.0.0
2025-09-21T15:50:19,293 | INFO  | features-3-thread-1 | FeaturesServiceImpl              | 19 - org.apache.karaf.features.core - 4.4.3 |   wrap_file__tmp_verisium_debug_temp_dir_3832751_karaf_offline_target_features-repo_org_apache_httpcomponents_httpcore_4.4.8_httpcore-4.4.8.jar/0.0.0
2025-09-21T15:50:19,295 | INFO  | features-3-thread-1 | FeaturesServiceImpl              | 19 - org.apache.karaf.features.core - 4.4.3 |   wrap_file__tmp_verisium_debug_temp_dir_3832751_karaf_offline_target_features-repo_org_apache_httpcomponents_httpclient_4.5.13_httpclient-4.5.13.jar/0.0.0
2025-09-21T15:50:19,296 | INFO  | features-3-thread-1 | FeaturesServiceImpl              | 19 - org.apache.karaf.features.core - 4.4.3 |   wrap_file__tmp_verisium_debug_temp_dir_3832751_karaf_offline_target_features-repo_org_springframework_spring-core_3.2.8.RELEASE_spring-core-3.2.8.RELEASE.jar/0.0.0
2025-09-21T15:50:19,298 | INFO  | features-3-thread-1 | FeaturesServiceImpl              | 19 - org.apache.karaf.features.core - 4.4.3 |   wrap_file__tmp_verisium_debug_temp_dir_3832751_karaf_offline_target_features-repo_org_springframework_spring-beans_3.2.8.RELEASE_spring-beans-3.2.8.RELEASE.jar/0.0.0
2025-09-21T15:50:19,299 | INFO  | features-3-thread-1 | FeaturesServiceImpl              | 19 - org.apache.karaf.features.core - 4.4.3 |   wrap_file__tmp_verisium_debug_temp_dir_3832751_karaf_offline_target_features-repo_org_springframework_spring-context_3.2.8.RELEASE_spring-context-3.2.8.RELEASE.jar/0.0.0
2025-09-21T15:50:19,301 | INFO  | features-3-thread-1 | FeaturesServiceImpl              | 19 - org.apache.karaf.features.core - 4.4.3 |   wrap_file__tmp_verisium_debug_temp_dir_3832751_karaf_offline_target_features-repo_org_springframework_spring-web_3.2.8.RELEASE_spring-web-3.2.8.RELEASE.jar/0.0.0
2025-09-21T15:50:19,303 | INFO  | features-3-thread-1 | FeaturesServiceImpl              | 19 - org.apache.karaf.features.core - 4.4.3 |   com.cadence.tango.osgi-splash/1.0.0
2025-09-21T15:50:19,451 | INFO  | activator-1-thread-1 | CommandExtension                 | 53 - org.apache.karaf.shell.core - 4.4.3 | Registering commands for bundle org.apache.karaf.shell.ssh/4.4.3
2025-09-21T15:50:19,470 | INFO  | activator-1-thread-1 | DefaultIoServiceFactoryFactory   | 56 - org.apache.sshd.osgi - 2.9.2 | No detected/configured IoServiceFactoryFactory; using Nio2ServiceFactoryFactory
2025-09-21T15:50:19,484 | INFO  | features-3-thread-1 | FeaturesServiceImpl              | 19 - org.apache.karaf.features.core - 4.4.3 |   com.google.guava.failureaccess/1.0.1
2025-09-21T15:50:19,486 | INFO  | features-3-thread-1 | FeaturesServiceImpl              | 19 - org.apache.karaf.features.core - 4.4.3 |   wrap_file__tmp_verisium_debug_temp_dir_3832751_karaf_offline_target_features-repo_com_ochafik_ochafik-swing_0.9.9_ochafik-swing-0.9.9.jar/0.0.0
2025-09-21T15:50:19,488 | INFO  | features-3-thread-1 | FeaturesServiceImpl              | 19 - org.apache.karaf.features.core - 4.4.3 |   wrap_file__tmp_verisium_debug_temp_dir_3832751_karaf_offline_target_features-repo_com_sun_xml_bind_jaxb-impl_2.1.2_jaxb-impl-2.1.2.jar/0.0.0
2025-09-21T15:50:19,490 | INFO  | features-3-thread-1 | FeaturesServiceImpl              | 19 - org.apache.karaf.features.core - 4.4.3 |   com.cadence.tango.framework-installer/15.22.0.SNAPSHOT
2025-09-21T15:50:19,494 | ERROR | activator-1-thread-1 | Nio2Acceptor                     | 56 - org.apache.sshd.osgi - 2.9.2 | bind(/0.0.0.0:8101) - failed (BindException) to bind: Address already in use
2025-09-21T15:50:19,494 | WARN  | activator-1-thread-1 | Activator                        | 54 - org.apache.karaf.shell.ssh - 4.4.3 | Exception caught while starting SSH server
java.net.BindException: Address already in use
	at sun.nio.ch.Net.bind0(Native Method) ~[?:?]
	at sun.nio.ch.Net.bind(Net.java:461) ~[?:?]
	at sun.nio.ch.Net.bind(Net.java:453) ~[?:?]
	at sun.nio.ch.AsynchronousServerSocketChannelImpl.bind(AsynchronousServerSocketChannelImpl.java:164) ~[?:?]
	at org.apache.sshd.common.io.nio2.Nio2Acceptor.bind(Nio2Acceptor.java:83) ~[!/:2.9.2]
	at org.apache.sshd.common.io.nio2.Nio2Acceptor.bind(Nio2Acceptor.java:173) ~[!/:2.9.2]
	at org.apache.sshd.server.SshServer.start(SshServer.java:331) ~[!/:2.9.2]
	at org.apache.karaf.shell.ssh.Activator.createAndRunSshServer(Activator.java:129) ~[?:?]
	at org.apache.karaf.shell.ssh.Activator.doStart(Activator.java:116) ~[?:?]
	at org.apache.karaf.util.tracker.BaseActivator.run(BaseActivator.java:312) ~[?:?]
	at java.util.concurrent.Executors$RunnableAdapter.call(Executors.java:515) ~[?:?]
	at java.util.concurrent.FutureTask.run(FutureTask.java:264) ~[?:?]
	at java.util.concurrent.ThreadPoolExecutor.runWorker(ThreadPoolExecutor.java:1128) ~[?:?]
	at java.util.concurrent.ThreadPoolExecutor$Worker.run(ThreadPoolExecutor.java:628) ~[?:?]
	at java.lang.Thread.run(Thread.java:834) ~[?:?]
2025-09-21T15:50:32,491 | INFO  | features-3-thread-1 | FeaturesServiceImpl              | 19 - org.apache.karaf.features.core - 4.4.3 |   com.sun.jna/4.4.0
2025-09-21T15:50:32,494 | INFO  | features-3-thread-1 | FeaturesServiceImpl              | 19 - org.apache.karaf.features.core - 4.4.3 |   org.apache.karaf.event/4.4.3
2025-09-21T15:50:32,503 | INFO  | features-3-thread-1 | CommandExtension                 | 53 - org.apache.karaf.shell.core - 4.4.3 | Registering commands for bundle org.apache.karaf.event/4.4.3
2025-09-21T15:50:32,504 | INFO  | features-3-thread-1 | FeaturesServiceImpl              | 19 - org.apache.karaf.features.core - 4.4.3 |   wrap_file__tmp_verisium_debug_temp_dir_3832751_karaf_system_com_cadence_tango_plugins_installer_1.0.0_jfxswt.jar/0.0.0
2025-09-21T15:50:32,506 | INFO  | features-3-thread-1 | FeaturesServiceImpl              | 19 - org.apache.karaf.features.core - 4.4.3 |   com.google.guava/28.2.0.jre
2025-09-21T15:50:32,510 | INFO  | features-3-thread-1 | Activator                        | 35 - org.apache.karaf.deployer.features - 4.4.3 | Deployment finished. Registering FeatureDeploymentListener
2025-09-21T15:50:32,637 | INFO  | features-3-thread-1 | FeaturesServiceImpl              | 19 - org.apache.karaf.features.core - 4.4.3 | Done.
2025-09-21T15:50:43,002 | INFO  | AWT-EventQueue-0 | prefs                            | 5 - org.ops4j.pax.logging.pax-logging-api - 2.2.0 | Created user preferences directory.
